// Jest Snapshot v1, https://goo.gl/fbAQLP

exports[`HueForm component component matches snapshot 1`] = `
<styled.form
  onSubmit={[MockFunction]}
>
  <styled.p>
    <styled.input
      name="hueInput"
      placeholder="Enter hue value"
      type="text"
    />
  </styled.p>
  <input
    type="submit"
    value="Submit"
  />
  <styled.span
    onClick={[MockFunction]}
  >
    <FontAwesomeIcon
      border={false}
      className=""
      fixedWidth={false}
      flip={null}
      icon={
        Object {
          "icon": Array [
            512,
            512,
            Array [],
            "f074",
            "M504.971 359.029c9.373 9.373 9.373 24.569 0 33.941l-80 79.984c-15.01 15.01-40.971 4.49-40.971-16.971V416h-58.785a12.004 12.004 0 0 1-8.773-3.812l-70.556-75.596 53.333-57.143L352 336h32v-39.981c0-21.438 25.943-31.998 40.971-16.971l80 79.981zM12 176h84l52.781 56.551 53.333-57.143-70.556-75.596A11.999 11.999 0 0 0 122.785 96H12c-6.627 0-12 5.373-12 12v56c0 6.627 5.373 12 12 12zm372 0v39.984c0 21.46 25.961 31.98 40.971 16.971l80-79.984c9.373-9.373 9.373-24.569 0-33.941l-80-79.981C409.943 24.021 384 34.582 384 56.019V96h-58.785a12.004 12.004 0 0 0-8.773 3.812L96 336H12c-6.627 0-12 5.373-12 12v56c0 6.627 5.373 12 12 12h110.785c3.326 0 6.503-1.381 8.773-3.812L352 176h32z",
          ],
          "iconName": "random",
          "prefix": "fas",
        }
      }
      inverse={false}
      listItem={false}
      mask={null}
      pull={null}
      pulse={false}
      rotation={null}
      size="2x"
      spin={false}
      swapOpacity={false}
      symbol={false}
      title=""
      transform={null}
    />
  </styled.span>
</styled.form>
`;
