// Jest Snapshot v1, https://goo.gl/fbAQLP

exports[`EmptyState component component matches snapshot 1`] = `
<styled.div>
  Select a hue now ...
</styled.div>
`;
