// Jest Snapshot v1, https://goo.gl/fbAQLP

exports[`Toggle component component matches snapshot 1`] = `
<styled.button
  onClick={[MockFunction]}
>
  ðŸ’¡
</styled.button>
`;
